{
  "version": "1.4.0",
  "plugins_used": [
    {
      "name": "ArtifactoryDetector"
    },
    {
      "name": "AWSKeyDetector"
    },
    {
      "name": "AzureStorageKeyDetector"
    },
    {
      "name": "Base64HighEntropyString",
      "limit": 4.5
    },
    {
      "name": "BasicAuthDetector"
    },
    {
      "name": "CloudantDetector"
    },
    {
      "name": "DiscordBotTokenDetector"
    },
    {
      "name": "GitHubTokenDetector"
    },
    {
      "name": "HexHighEntropyString",
      "limit": 3.0
    },
    {
      "name": "IbmCloudIamDetector"
    },
    {
      "name": "IbmCosHmacDetector"
    },
    {
      "name": "JwtTokenDetector"
    },
    {
      "name": "KeywordDetector",
      "keyword_exclude": ""
    },
    {
      "name": "MailchimpDetector"
    },
    {
      "name": "NpmDetector"
    },
    {
      "name": "PrivateKeyDetector"
    },
    {
      "name": "SendGridDetector"
    },
    {
      "name": "SlackDetector"
    },
    {
      "name": "SoftlayerDetector"
    },
    {
      "name": "SquareOAuthDetector"
    },
    {
      "name": "StripeDetector"
    },
    {
      "name": "TwilioKeyDetector"
    }
  ],
  "filters_used": [
    {
      "path": "detect_secrets.filters.allowlist.is_line_allowlisted"
    },
    {
      "path": "detect_secrets.filters.common.is_baseline_file",
      "filename": ".secrets.baseline"
    },
    {
      "path": "detect_secrets.filters.common.is_ignored_due_to_verification_policies",
      "min_level": 2
    },
    {
      "path": "detect_secrets.filters.heuristic.is_indirect_reference"
    },
    {
      "path": "detect_secrets.filters.heuristic.is_likely_id_string"
    },
    {
      "path": "detect_secrets.filters.heuristic.is_lock_file"
    },
    {
      "path": "detect_secrets.filters.heuristic.is_not_alphanumeric_string"
    },
    {
      "path": "detect_secrets.filters.heuristic.is_potential_uuid"
    },
    {
      "path": "detect_secrets.filters.heuristic.is_prefixed_with_dollar_sign"
    },
    {
      "path": "detect_secrets.filters.heuristic.is_sequential_string"
    },
    {
      "path": "detect_secrets.filters.heuristic.is_swagger_file"
    },
    {
      "path": "detect_secrets.filters.heuristic.is_templated_secret"
    },
    {
      "path": "detect_secrets.filters.regex.should_exclude_file",
      "pattern": [
        "^logs/\\.copilot-otel\\.jsonl$"
      ]
    }
  ],
  "results": {
    "config/telemetry/parser_versions.yaml": [
      {
        "type": "Hex High Entropy String",
        "filename": "config/telemetry/parser_versions.yaml",
        "hashed_secret": "8bf9b805e84d127766cc77db136f25771d021719",
        "is_verified": false,
        "line_number": 12
      }
    ],
    "docs/ROADMAP-PLATFORM.yaml": [
      {
        "type": "Hex High Entropy String",
        "filename": "docs/ROADMAP-PLATFORM.yaml",
        "hashed_secret": "7735f64bff03bfe6ccaf0d9d87be5d8484e19fcc",
        "is_verified": false,
        "line_number": 4603
      },
      {
        "type": "Hex High Entropy String",
        "filename": "docs/ROADMAP-PLATFORM.yaml",
        "hashed_secret": "ad08d4e652f6059f0925bc09538d5dc7fa607afa",
        "is_verified": false,
        "line_number": 4834
      },
      {
        "type": "Hex High Entropy String",
        "filename": "docs/ROADMAP-PLATFORM.yaml",
        "hashed_secret": "9ed61b7517c5f6323f3ec9cc1bd1d7dfa61ad9f4",
        "is_verified": false,
        "line_number": 4874
      },
      {
        "type": "Hex High Entropy String",
        "filename": "docs/ROADMAP-PLATFORM.yaml",
        "hashed_secret": "30577f15aaea2154ddfe1fac3a2497535052b13f",
        "is_verified": false,
        "line_number": 7107
      }
    ],
    "docs/contracts/iam-simulate-fixture.yaml": [
      {
        "type": "Secret Keyword",
        "filename": "docs/contracts/iam-simulate-fixture.yaml",
        "hashed_secret": "aa28f3aadffe5c469a1d4438b0248ff152faaf2b",
        "is_verified": false,
        "line_number": 338
      },
      {
        "type": "Secret Keyword",
        "filename": "docs/contracts/iam-simulate-fixture.yaml",
        "hashed_secret": "8170bd7ebda0bd7e4a65760e76966b2f56f0b5fa",
        "is_verified": false,
        "line_number": 341
      },
      {
        "type": "Secret Keyword",
        "filename": "docs/contracts/iam-simulate-fixture.yaml",
        "hashed_secret": "ffb1dccb8ffa1b76776c1f4a7ea680c1deb6135d",
        "is_verified": false,
        "line_number": 343
      },
      {
        "type": "Secret Keyword",
        "filename": "docs/contracts/iam-simulate-fixture.yaml",
        "hashed_secret": "b5efa98bf8cea69847a5d296c92d0f3b7983b9cb",
        "is_verified": false,
        "line_number": 348
      },
      {
        "type": "Secret Keyword",
        "filename": "docs/contracts/iam-simulate-fixture.yaml",
        "hashed_secret": "80405a880b8614930f2c4416e0f2e85cd32d6ea6",
        "is_verified": false,
        "line_number": 359
      },
      {
        "type": "Secret Keyword",
        "filename": "docs/contracts/iam-simulate-fixture.yaml",
        "hashed_secret": "7bfab66d307c824a52622af284a0bd486d6525e3",
        "is_verified": false,
        "line_number": 367
      },
      {
        "type": "Secret Keyword",
        "filename": "docs/contracts/iam-simulate-fixture.yaml",
        "hashed_secret": "78a80272d0659d28359a076bf65806b60a0eedf8",
        "is_verified": false,
        "line_number": 370
      },
      {
        "type": "Secret Keyword",
        "filename": "docs/contracts/iam-simulate-fixture.yaml",
        "hashed_secret": "1ca44c212ca11001056046dee0d18206eac14bcb",
        "is_verified": false,
        "line_number": 621
      },
      {
        "type": "Secret Keyword",
        "filename": "docs/contracts/iam-simulate-fixture.yaml",
        "hashed_secret": "b63bf00edb07af6ffba7f7ceb7ed573a913271f7",
        "is_verified": false,
        "line_number": 629
      }
    ],
    "docs/plans/PLAN-terraform-state-triggers-restore.yaml": [
      {
        "type": "Secret Keyword",
        "filename": "docs/plans/PLAN-terraform-state-triggers-restore.yaml",
        "hashed_secret": "f9eeaf7fde1bdf57ddd6bafa735cea386cd3e36e",
        "is_verified": false,
        "line_number": 325
      }
    ],
    "tests/fixtures/drain_glue_orphan_payloads/apply_sandbox_run_jobs.json": [
      {
        "type": "Hex High Entropy String",
        "filename": "tests/fixtures/drain_glue_orphan_payloads/apply_sandbox_run_jobs.json",
        "hashed_secret": "575d192793928b18539b6b09d3e4389cddf77a6b",
        "is_verified": false,
        "line_number": 13
      }
    ],
    "tests/fixtures/drain_glue_orphan_payloads/reconcile_run_jobs.json": [
      {
        "type": "Hex High Entropy String",
        "filename": "tests/fixtures/drain_glue_orphan_payloads/reconcile_run_jobs.json",
        "hashed_secret": "fab1b47e1d9ea6926d31372a4d709d56b88bf249",
        "is_verified": false,
        "line_number": 13
      }
    ],
    "tests/fixtures/drain_glue_orphan_payloads/reconcile_runs.json": [
      {
        "type": "Hex High Entropy String",
        "filename": "tests/fixtures/drain_glue_orphan_payloads/reconcile_runs.json",
        "hashed_secret": "fab1b47e1d9ea6926d31372a4d709d56b88bf249",
        "is_verified": false,
        "line_number": 15
      },
      {
        "type": "Hex High Entropy String",
        "filename": "tests/fixtures/drain_glue_orphan_payloads/reconcile_runs.json",
        "hashed_secret": "1db3e64ca6feef0194f0e464ddc47e00e1f98ff2",
        "is_verified": false,
        "line_number": 55
      },
      {
        "type": "Hex High Entropy String",
        "filename": "tests/fixtures/drain_glue_orphan_payloads/reconcile_runs.json",
        "hashed_secret": "52388e32384d1ee48c8f1c34e962fe738607ecd7",
        "is_verified": false,
        "line_number": 75
      },
      {
        "type": "Hex High Entropy String",
        "filename": "tests/fixtures/drain_glue_orphan_payloads/reconcile_runs.json",
        "hashed_secret": "d615ab7c74518ab8b615e7a053dd86a774861f75",
        "is_verified": false,
        "line_number": 115
      }
    ],
    "tests/fixtures/ducklake_recovery_drill.json": [
      {
        "type": "Hex High Entropy String",
        "filename": "tests/fixtures/ducklake_recovery_drill.json",
        "hashed_secret": "e1558a1534ec96733528a70fabf0f4473aac6f3d",
        "is_verified": false,
        "line_number": 4
      }
    ],
    "tests/fixtures/partition_rewrite_evidence.json": [
      {
        "type": "Hex High Entropy String",
        "filename": "tests/fixtures/partition_rewrite_evidence.json",
        "hashed_secret": "4e823f7ebce64f7e51321d053b9b87d3cf961ce8",
        "is_verified": false,
        "line_number": 618
      },
      {
        "type": "Hex High Entropy String",
        "filename": "tests/fixtures/partition_rewrite_evidence.json",
        "hashed_secret": "9c6257b8f7cb675ea9ddd3e28e8ed28c3c3a0bdc",
        "is_verified": false,
        "line_number": 630
      },
      {
        "type": "Hex High Entropy String",
        "filename": "tests/fixtures/partition_rewrite_evidence.json",
        "hashed_secret": "1fc169071ccc41d8a6d421e51b76c140a018d182",
        "is_verified": false,
        "line_number": 642
      },
      {
        "type": "Hex High Entropy String",
        "filename": "tests/fixtures/partition_rewrite_evidence.json",
        "hashed_secret": "9c46e5011569eabc7e8eca3f72e0d05d77c43ea9",
        "is_verified": false,
        "line_number": 654
      }
    ],
    "tests/fixtures/roadmap_touched_items.json": [
      {
        "type": "Hex High Entropy String",
        "filename": "tests/fixtures/roadmap_touched_items.json",
        "hashed_secret": "e666a6cfea2fed62b62d5dbbdb9ef1925dd97a30",
        "is_verified": false,
        "line_number": 2
      },
      {
        "type": "Hex High Entropy String",
        "filename": "tests/fixtures/roadmap_touched_items.json",
        "hashed_secret": "dabb571723939c677bec7b5997f39125f4129100",
        "is_verified": false,
        "line_number": 5
      },
      {
        "type": "Hex High Entropy String",
        "filename": "tests/fixtures/roadmap_touched_items.json",
        "hashed_secret": "26c4cd9b8acb2fe21e30727b6d5c7781d84f4a6a",
        "is_verified": false,
        "line_number": 8
      },
      {
        "type": "Hex High Entropy String",
        "filename": "tests/fixtures/roadmap_touched_items.json",
        "hashed_secret": "d523960dde0323f1ecd77898639fe2c10618a31e",
        "is_verified": false,
        "line_number": 9
      },
      {
        "type": "Hex High Entropy String",
        "filename": "tests/fixtures/roadmap_touched_items.json",
        "hashed_secret": "a845bcec0931519d8313cea301bc84454bb6204c",
        "is_verified": false,
        "line_number": 10
      },
      {
        "type": "Hex High Entropy String",
        "filename": "tests/fixtures/roadmap_touched_items.json",
        "hashed_secret": "2de188c4a2079c2380c4e22369b5a65062205b5f",
        "is_verified": false,
        "line_number": 12
      },
      {
        "type": "Hex High Entropy String",
        "filename": "tests/fixtures/roadmap_touched_items.json",
        "hashed_secret": "cc0874137901ac94b1fdf49e4cbbc1595b77e16a",
        "is_verified": false,
        "line_number": 13
      },
      {
        "type": "Hex High Entropy String",
        "filename": "tests/fixtures/roadmap_touched_items.json",
        "hashed_secret": "0eaf44e96d9c1633ad3f85ee1b46009424906d15",
        "is_verified": false,
        "line_number": 15
      },
      {
        "type": "Hex High Entropy String",
        "filename": "tests/fixtures/roadmap_touched_items.json",
        "hashed_secret": "d629d903701ceb2ec136c33cbaca87b5205064e0",
        "is_verified": false,
        "line_number": 16
      },
      {
        "type": "Hex High Entropy String",
        "filename": "tests/fixtures/roadmap_touched_items.json",
        "hashed_secret": "50dc57544dd924b93520d0486fe3f66fd0622978",
        "is_verified": false,
        "line_number": 17
      },
      {
        "type": "Hex High Entropy String",
        "filename": "tests/fixtures/roadmap_touched_items.json",
        "hashed_secret": "ecde6d1b1e4f38342c33a3cc62613ed0f9093f29",
        "is_verified": false,
        "line_number": 18
      },
      {
        "type": "Hex High Entropy String",
        "filename": "tests/fixtures/roadmap_touched_items.json",
        "hashed_secret": "9d07ee370ed5c8989f2402d61673af371b61c37b",
        "is_verified": false,
        "line_number": 24
      },
      {
        "type": "Hex High Entropy String",
        "filename": "tests/fixtures/roadmap_touched_items.json",
        "hashed_secret": "8baea3e8eae19e40faf0189631c79442a2fbceef",
        "is_verified": false,
        "line_number": 25
      },
      {
        "type": "Hex High Entropy String",
        "filename": "tests/fixtures/roadmap_touched_items.json",
        "hashed_secret": "f0a167e439a116926999557a02fbd78be98bc1c6",
        "is_verified": false,
        "line_number": 26
      },
      {
        "type": "Hex High Entropy String",
        "filename": "tests/fixtures/roadmap_touched_items.json",
        "hashed_secret": "2e45ab8a53170987fe6af7d6a22ad574f6886059",
        "is_verified": false,
        "line_number": 28
      },
      {
        "type": "Hex High Entropy String",
        "filename": "tests/fixtures/roadmap_touched_items.json",
        "hashed_secret": "66642bdca273269a95983cd84507ff23afc2e475",
        "is_verified": false,
        "line_number": 30
      },
      {
        "type": "Hex High Entropy String",
        "filename": "tests/fixtures/roadmap_touched_items.json",
        "hashed_secret": "64865892895dc5e925e9e68e18d41739f97ecf2e",
        "is_verified": false,
        "line_number": 31
      },
      {
        "type": "Hex High Entropy String",
        "filename": "tests/fixtures/roadmap_touched_items.json",
        "hashed_secret": "6d72ccc29401ea73b9af2ecd90167982e7622c93",
        "is_verified": false,
        "line_number": 33
      },
      {
        "type": "Hex High Entropy String",
        "filename": "tests/fixtures/roadmap_touched_items.json",
        "hashed_secret": "4a72650abb53d7f6adb639e8270f1f154f907fe5",
        "is_verified": false,
        "line_number": 35
      },
      {
        "type": "Hex High Entropy String",
        "filename": "tests/fixtures/roadmap_touched_items.json",
        "hashed_secret": "7712a77c4e60c959bb4b724d8925b0fa959339b8",
        "is_verified": false,
        "line_number": 38
      },
      {
        "type": "Hex High Entropy String",
        "filename": "tests/fixtures/roadmap_touched_items.json",
        "hashed_secret": "17eb1717d421d5ce443f626c3d51079936bf3c54",
        "is_verified": false,
        "line_number": 39
      },
      {
        "type": "Hex High Entropy String",
        "filename": "tests/fixtures/roadmap_touched_items.json",
        "hashed_secret": "a0b172fd319856bd57198d17894c778357194747",
        "is_verified": false,
        "line_number": 40
      },
      {
        "type": "Hex High Entropy String",
        "filename": "tests/fixtures/roadmap_touched_items.json",
        "hashed_secret": "abad71a8f09b859e1b9f171cc7d0790cacefc42c",
        "is_verified": false,
        "line_number": 41
      }
    ],
    "tests/fixtures/turn_capture/golden/empty_thinking_and_image_blocks.json": [
      {
        "type": "Hex High Entropy String",
        "filename": "tests/fixtures/turn_capture/golden/empty_thinking_and_image_blocks.json",
        "hashed_secret": "d8e06ce659fe37eda0dbd0f0fbe1a59d83c2f0bf",
        "is_verified": false,
        "line_number": 129
      },
      {
        "type": "Hex High Entropy String",
        "filename": "tests/fixtures/turn_capture/golden/empty_thinking_and_image_blocks.json",
        "hashed_secret": "48740404c93c8370fe77a145b713c0ed6e22942b",
        "is_verified": false,
        "line_number": 152
      },
      {
        "type": "Hex High Entropy String",
        "filename": "tests/fixtures/turn_capture/golden/empty_thinking_and_image_blocks.json",
        "hashed_secret": "512d97080a526f070023175d4d4dda9a9d908c0f",
        "is_verified": false,
        "line_number": 175
      },
      {
        "type": "Hex High Entropy String",
        "filename": "tests/fixtures/turn_capture/golden/empty_thinking_and_image_blocks.json",
        "hashed_secret": "bc753e4be07a971c6bda9d0452734b03fced1df5",
        "is_verified": false,
        "line_number": 199
      },
      {
        "type": "Hex High Entropy String",
        "filename": "tests/fixtures/turn_capture/golden/empty_thinking_and_image_blocks.json",
        "hashed_secret": "ce70bbda399d4fcd8d2b89d1dc9c8c9b2a731a1a",
        "is_verified": false,
        "line_number": 223
      },
      {
        "type": "Hex High Entropy String",
        "filename": "tests/fixtures/turn_capture/golden/empty_thinking_and_image_blocks.json",
        "hashed_secret": "838f0c77edd120c7019509f38fe4a7f103389527",
        "is_verified": false,
        "line_number": 247
      }
    ],
    "tests/fixtures/turn_capture/golden/hook_blocked_tool_call.json": [
      {
        "type": "Hex High Entropy String",
        "filename": "tests/fixtures/turn_capture/golden/hook_blocked_tool_call.json",
        "hashed_secret": "094757a57c6df6b68f0cd4480bb5536ee5ddbd98",
        "is_verified": false,
        "line_number": 257
      },
      {
        "type": "Hex High Entropy String",
        "filename": "tests/fixtures/turn_capture/golden/hook_blocked_tool_call.json",
        "hashed_secret": "00a3bcbf7f45481ff83f4dc05376ac1b153f4dd3",
        "is_verified": false,
        "line_number": 280
      },
      {
        "type": "Hex High Entropy String",
        "filename": "tests/fixtures/turn_capture/golden/hook_blocked_tool_call.json",
        "hashed_secret": "f1c77ba47a7e4a1513f603ec757ad0449163c621",
        "is_verified": false,
        "line_number": 304
      },
      {
        "type": "Hex High Entropy String",
        "filename": "tests/fixtures/turn_capture/golden/hook_blocked_tool_call.json",
        "hashed_secret": "701b5902bd788cadb90c7a63928b636ad2c2f4bb",
        "is_verified": false,
        "line_number": 328
      },
      {
        "type": "Hex High Entropy String",
        "filename": "tests/fixtures/turn_capture/golden/hook_blocked_tool_call.json",
        "hashed_secret": "21e992f78e196bd321c22c67e5a93fc8d6aa255f",
        "is_verified": false,
        "line_number": 351
      }
    ],
    "tests/fixtures/turn_capture/golden/hooks_resume_and_compact.json": [
      {
        "type": "Hex High Entropy String",
        "filename": "tests/fixtures/turn_capture/golden/hooks_resume_and_compact.json",
        "hashed_secret": "094757a57c6df6b68f0cd4480bb5536ee5ddbd98",
        "is_verified": false,
        "line_number": 414
      },
      {
        "type": "Hex High Entropy String",
        "filename": "tests/fixtures/turn_capture/golden/hooks_resume_and_compact.json",
        "hashed_secret": "9d77b8fe6a2497494818eba81c649140ff439f47",
        "is_verified": false,
        "line_number": 437
      },
      {
        "type": "Hex High Entropy String",
        "filename": "tests/fixtures/turn_capture/golden/hooks_resume_and_compact.json",
        "hashed_secret": "fd5fee93e875e6ee9c6a24f47fe55a46f7ee9c03",
        "is_verified": false,
        "line_number": 461
      },
      {
        "type": "Hex High Entropy String",
        "filename": "tests/fixtures/turn_capture/golden/hooks_resume_and_compact.json",
        "hashed_secret": "93b9876ad5d0e411dd150d972c1e8cedd55238db",
        "is_verified": false,
        "line_number": 484
      },
      {
        "type": "Hex High Entropy String",
        "filename": "tests/fixtures/turn_capture/golden/hooks_resume_and_compact.json",
        "hashed_secret": "4be6d65c48ee6e83c59c5637664847b5a238ed54",
        "is_verified": false,
        "line_number": 508
      },
      {
        "type": "Hex High Entropy String",
        "filename": "tests/fixtures/turn_capture/golden/hooks_resume_and_compact.json",
        "hashed_secret": "85877db92899aed6e5bb7e2b923dabb468a8e0f0",
        "is_verified": false,
        "line_number": 531
      }
    ],
    "tests/fixtures/turn_capture/golden/large_tool_result_over_64k.json": [
      {
        "type": "Hex High Entropy String",
        "filename": "tests/fixtures/turn_capture/golden/large_tool_result_over_64k.json",
        "hashed_secret": "094757a57c6df6b68f0cd4480bb5536ee5ddbd98",
        "is_verified": false,
        "line_number": 129
      },
      {
        "type": "Hex High Entropy String",
        "filename": "tests/fixtures/turn_capture/golden/large_tool_result_over_64k.json",
        "hashed_secret": "48be3ce7e9eac0f3674109f8ccd548cd8457580e",
        "is_verified": false,
        "line_number": 152
      },
      {
        "type": "Hex High Entropy String",
        "filename": "tests/fixtures/turn_capture/golden/large_tool_result_over_64k.json",
        "hashed_secret": "efc678e2223a014f3cc48b82e6d9821b8361a297",
        "is_verified": false,
        "line_number": 176
      }
    ],
    "tests/fixtures/turn_capture/golden/malformed_line.json": [
      {
        "type": "Hex High Entropy String",
        "filename": "tests/fixtures/turn_capture/golden/malformed_line.json",
        "hashed_secret": "094757a57c6df6b68f0cd4480bb5536ee5ddbd98",
        "is_verified": false,
        "line_number": 85
      },
      {
        "type": "Hex High Entropy String",
        "filename": "tests/fixtures/turn_capture/golden/malformed_line.json",
        "hashed_secret": "795614c5a173c9b36bdf8df499f84eb9b179cac7",
        "is_verified": false,
        "line_number": 108
      }
    ],
    "tests/fixtures/turn_capture/golden/meta_and_companion_records.json": [
      {
        "type": "Hex High Entropy String",
        "filename": "tests/fixtures/turn_capture/golden/meta_and_companion_records.json",
        "hashed_secret": "f9e5d77c84a56068d840c31023f9995abd79f067",
        "is_verified": false,
        "line_number": 85
      },
      {
        "type": "Hex High Entropy String",
        "filename": "tests/fixtures/turn_capture/golden/meta_and_companion_records.json",
        "hashed_secret": "06111bfd1ec0dd3c6964493b5a1c823e3269a0fc",
        "is_verified": false,
        "line_number": 108
      },
      {
        "type": "Hex High Entropy String",
        "filename": "tests/fixtures/turn_capture/golden/meta_and_companion_records.json",
        "hashed_secret": "7dfafd299638fd31d69545c4ca55d9e4205155a9",
        "is_verified": false,
        "line_number": 131
      },
      {
        "type": "Hex High Entropy String",
        "filename": "tests/fixtures/turn_capture/golden/meta_and_companion_records.json",
        "hashed_secret": "20471ae630460f5c5dad46a39e0a3449ae7e6cb2",
        "is_verified": false,
        "line_number": 154
      },
      {
        "type": "Hex High Entropy String",
        "filename": "tests/fixtures/turn_capture/golden/meta_and_companion_records.json",
        "hashed_secret": "795614c5a173c9b36bdf8df499f84eb9b179cac7",
        "is_verified": false,
        "line_number": 177
      }
    ],
    "tests/fixtures/turn_capture/golden/multiblock_response_interleaved_tool_results.json": [
      {
        "type": "Hex High Entropy String",
        "filename": "tests/fixtures/turn_capture/golden/multiblock_response_interleaved_tool_results.json",
        "hashed_secret": "094757a57c6df6b68f0cd4480bb5536ee5ddbd98",
        "is_verified": false,
        "line_number": 191
      },
      {
        "type": "Hex High Entropy String",
        "filename": "tests/fixtures/turn_capture/golden/multiblock_response_interleaved_tool_results.json",
        "hashed_secret": "f1c77ba47a7e4a1513f603ec757ad0449163c621",
        "is_verified": false,
        "line_number": 214
      },
      {
        "type": "Hex High Entropy String",
        "filename": "tests/fixtures/turn_capture/golden/multiblock_response_interleaved_tool_results.json",
        "hashed_secret": "32cbf1d47fb78dcb6ff3af245d1cec9a082607c4",
        "is_verified": false,
        "line_number": 238
      },
      {
        "type": "Hex High Entropy String",
        "filename": "tests/fixtures/turn_capture/golden/multiblock_response_interleaved_tool_results.json",
        "hashed_secret": "ed3c539ba52cb92fd3396db616a3cd2b2b2188dd",
        "is_verified": false,
        "line_number": 261
      },
      {
        "type": "Hex High Entropy String",
        "filename": "tests/fixtures/turn_capture/golden/multiblock_response_interleaved_tool_results.json",
        "hashed_secret": "19af231bcdda5a00267557068d12dccf270b4f63",
        "is_verified": false,
        "line_number": 285
      },
      {
        "type": "Hex High Entropy String",
        "filename": "tests/fixtures/turn_capture/golden/multiblock_response_interleaved_tool_results.json",
        "hashed_secret": "67fe9e4a322dbe7425760db8a1845d75dce5bed1",
        "is_verified": false,
        "line_number": 308
      },
      {
        "type": "Hex High Entropy String",
        "filename": "tests/fixtures/turn_capture/golden/multiblock_response_interleaved_tool_results.json",
        "hashed_secret": "a222431259b2c6fcdb77a8e7c3f0d2acb6bcc3b8",
        "is_verified": false,
        "line_number": 332
      }
    ],
    "tests/fixtures/turn_capture/golden/nested_subagent_depth2.json": [
      {
        "type": "Hex High Entropy String",
        "filename": "tests/fixtures/turn_capture/golden/nested_subagent_depth2.json",
        "hashed_secret": "094757a57c6df6b68f0cd4480bb5536ee5ddbd98",
        "is_verified": false,
        "line_number": 477
      },
      {
        "type": "Hex High Entropy String",
        "filename": "tests/fixtures/turn_capture/golden/nested_subagent_depth2.json",
        "hashed_secret": "7860ac02fc6600337461f59d29e1cb6546289b50",
        "is_verified": false,
        "line_number": 500
      },
      {
        "type": "Hex High Entropy String",
        "filename": "tests/fixtures/turn_capture/golden/nested_subagent_depth2.json",
        "hashed_secret": "87537adc307343a633f99a17a07554aa98a5e66c",
        "is_verified": false,
        "line_number": 524
      },
      {
        "type": "Hex High Entropy String",
        "filename": "tests/fixtures/turn_capture/golden/nested_subagent_depth2.json",
        "hashed_secret": "71ed67a785faedb32204d5ed1d51517534d4637e",
        "is_verified": false,
        "line_number": 571
      },
      {
        "type": "Hex High Entropy String",
        "filename": "tests/fixtures/turn_capture/golden/nested_subagent_depth2.json",
        "hashed_secret": "34f4ccc238041ce620295a242307bc0afc632236",
        "is_verified": false,
        "line_number": 594
      },
      {
        "type": "Hex High Entropy String",
        "filename": "tests/fixtures/turn_capture/golden/nested_subagent_depth2.json",
        "hashed_secret": "e0e5c2f46e87bd455ef4bece5df3faa4d38cea9e",
        "is_verified": false,
        "line_number": 617
      },
      {
        "type": "Hex High Entropy String",
        "filename": "tests/fixtures/turn_capture/golden/nested_subagent_depth2.json",
        "hashed_secret": "4611e983760e4c33295e8cc5018f761ce64867a1",
        "is_verified": false,
        "line_number": 641
      },
      {
        "type": "Hex High Entropy String",
        "filename": "tests/fixtures/turn_capture/golden/nested_subagent_depth2.json",
        "hashed_secret": "fb3d27f956248e65d99eb27149c3cdc21d52d58a",
        "is_verified": false,
        "line_number": 688
      }
    ],
    "tests/fixtures/turn_capture/golden/observed_real_shapes.json": [
      {
        "type": "Hex High Entropy String",
        "filename": "tests/fixtures/turn_capture/golden/observed_real_shapes.json",
        "hashed_secret": "7a555632f38dc24e2b795497e77b6bb0f68d2eaa",
        "is_verified": false,
        "line_number": 436
      },
      {
        "type": "Hex High Entropy String",
        "filename": "tests/fixtures/turn_capture/golden/observed_real_shapes.json",
        "hashed_secret": "cc4435a65312e79ad1db9e8e21771cf74924d7c4",
        "is_verified": false,
        "line_number": 459
      },
      {
        "type": "Hex High Entropy String",
        "filename": "tests/fixtures/turn_capture/golden/observed_real_shapes.json",
        "hashed_secret": "b0bf1ee4bec1ff5dd066ae18a2f1467d54530c86",
        "is_verified": false,
        "line_number": 483
      },
      {
        "type": "Hex High Entropy String",
        "filename": "tests/fixtures/turn_capture/golden/observed_real_shapes.json",
        "hashed_secret": "4b058eefec3d8bd7d23f61e76d324838f8de8af7",
        "is_verified": false,
        "line_number": 507
      },
      {
        "type": "Hex High Entropy String",
        "filename": "tests/fixtures/turn_capture/golden/observed_real_shapes.json",
        "hashed_secret": "e7497e959af2cc256d31fc4b869aa199629f3063",
        "is_verified": false,
        "line_number": 530
      },
      {
        "type": "Hex High Entropy String",
        "filename": "tests/fixtures/turn_capture/golden/observed_real_shapes.json",
        "hashed_secret": "497ab8eed5e5d4fda51ed76a045211fa528c4918",
        "is_verified": false,
        "line_number": 553
      },
      {
        "type": "Hex High Entropy String",
        "filename": "tests/fixtures/turn_capture/golden/observed_real_shapes.json",
        "hashed_secret": "db798357d2144540fcba2703a497e9d5c7491556",
        "is_verified": false,
        "line_number": 576
      },
      {
        "type": "Hex High Entropy String",
        "filename": "tests/fixtures/turn_capture/golden/observed_real_shapes.json",
        "hashed_secret": "0c97a29a9a37ae8bb1f01762c10b17a351167aac",
        "is_verified": false,
        "line_number": 600
      },
      {
        "type": "Hex High Entropy String",
        "filename": "tests/fixtures/turn_capture/golden/observed_real_shapes.json",
        "hashed_secret": "795614c5a173c9b36bdf8df499f84eb9b179cac7",
        "is_verified": false,
        "line_number": 623
      }
    ],
    "tests/fixtures/turn_capture/golden/orphan_tool_result.json": [
      {
        "type": "Hex High Entropy String",
        "filename": "tests/fixtures/turn_capture/golden/orphan_tool_result.json",
        "hashed_secret": "094757a57c6df6b68f0cd4480bb5536ee5ddbd98",
        "is_verified": false,
        "line_number": 255
      },
      {
        "type": "Hex High Entropy String",
        "filename": "tests/fixtures/turn_capture/golden/orphan_tool_result.json",
        "hashed_secret": "d8a0e1e075bef50a96feaeb989597c6c79ca8cda",
        "is_verified": false,
        "line_number": 278
      },
      {
        "type": "Hex High Entropy String",
        "filename": "tests/fixtures/turn_capture/golden/orphan_tool_result.json",
        "hashed_secret": "9628adffcde94c04061aac8282fab94c63a7ce78",
        "is_verified": false,
        "line_number": 302
      },
      {
        "type": "Hex High Entropy String",
        "filename": "tests/fixtures/turn_capture/golden/orphan_tool_result.json",
        "hashed_secret": "0589d8f6564604abab7f38a0edb2225b69a21ccc",
        "is_verified": false,
        "line_number": 326
      },
      {
        "type": "Hex High Entropy String",
        "filename": "tests/fixtures/turn_capture/golden/orphan_tool_result.json",
        "hashed_secret": "8b9a43c277f8cf1e8c4c96e9ea87f21b2d8fb8a2",
        "is_verified": false,
        "line_number": 349
      },
      {
        "type": "Hex High Entropy String",
        "filename": "tests/fixtures/turn_capture/golden/orphan_tool_result.json",
        "hashed_secret": "a222431259b2c6fcdb77a8e7c3f0d2acb6bcc3b8",
        "is_verified": false,
        "line_number": 372
      },
      {
        "type": "Hex High Entropy String",
        "filename": "tests/fixtures/turn_capture/golden/orphan_tool_result.json",
        "hashed_secret": "795614c5a173c9b36bdf8df499f84eb9b179cac7",
        "is_verified": false,
        "line_number": 395
      }
    ],
    "tests/fixtures/turn_capture/golden/pin_first_record_without_uuid.json": [
      {
        "type": "Hex High Entropy String",
        "filename": "tests/fixtures/turn_capture/golden/pin_first_record_without_uuid.json",
        "hashed_secret": "ee662f2bc691daa48d074542722d8e1b0587673c",
        "is_verified": false,
        "line_number": 85
      },
      {
        "type": "Hex High Entropy String",
        "filename": "tests/fixtures/turn_capture/golden/pin_first_record_without_uuid.json",
        "hashed_secret": "361282b6efc9f3277314eed77df55441aaf1170a",
        "is_verified": false,
        "line_number": 108
      }
    ],
    "tests/fixtures/turn_capture/golden/secrets.json": [
      {
        "type": "Hex High Entropy String",
        "filename": "tests/fixtures/turn_capture/golden/secrets.json",
        "hashed_secret": "250ff604f086fe2dde0579c23eb68ef5d0fb13e6",
        "is_verified": false,
        "line_number": 150
      },
      {
        "type": "Hex High Entropy String",
        "filename": "tests/fixtures/turn_capture/golden/secrets.json",
        "hashed_secret": "20e9832189802ea5d1ff06ccd5a8a62d95ce1107",
        "is_verified": false,
        "line_number": 173
      },
      {
        "type": "Hex High Entropy String",
        "filename": "tests/fixtures/turn_capture/golden/secrets.json",
        "hashed_secret": "8c1678ab484a8d905dcdf6d0d0359eed9189218e",
        "is_verified": false,
        "line_number": 197
      },
      {
        "type": "Hex High Entropy String",
        "filename": "tests/fixtures/turn_capture/golden/secrets.json",
        "hashed_secret": "1f1d1fe392a2d56030d218a49d3f018c89c575e6",
        "is_verified": false,
        "line_number": 221
      }
    ],
    "tests/fixtures/turn_capture/golden/sidecar_absent.json": [
      {
        "type": "Hex High Entropy String",
        "filename": "tests/fixtures/turn_capture/golden/sidecar_absent.json",
        "hashed_secret": "094757a57c6df6b68f0cd4480bb5536ee5ddbd98",
        "is_verified": false,
        "line_number": 129
      },
      {
        "type": "Hex High Entropy String",
        "filename": "tests/fixtures/turn_capture/golden/sidecar_absent.json",
        "hashed_secret": "197ff904c65302611a0d6a4e22a6434386b8986c",
        "is_verified": false,
        "line_number": 152
      },
      {
        "type": "Hex High Entropy String",
        "filename": "tests/fixtures/turn_capture/golden/sidecar_absent.json",
        "hashed_secret": "d566e136ce9720c582b3c9135b3c78c865202d5f",
        "is_verified": false,
        "line_number": 176
      }
    ],
    "tests/fixtures/turn_capture/golden/sidecar_present.json": [
      {
        "type": "Hex High Entropy String",
        "filename": "tests/fixtures/turn_capture/golden/sidecar_present.json",
        "hashed_secret": "094757a57c6df6b68f0cd4480bb5536ee5ddbd98",
        "is_verified": false,
        "line_number": 129
      },
      {
        "type": "Hex High Entropy String",
        "filename": "tests/fixtures/turn_capture/golden/sidecar_present.json",
        "hashed_secret": "197ff904c65302611a0d6a4e22a6434386b8986c",
        "is_verified": false,
        "line_number": 152
      },
      {
        "type": "Hex High Entropy String",
        "filename": "tests/fixtures/turn_capture/golden/sidecar_present.json",
        "hashed_secret": "941e734774035f9aa9b3eb0fc1c28774797eaff4",
        "is_verified": false,
        "line_number": 176
      }
    ],
    "tests/fixtures/turn_capture/golden/subagent_background_with_completion.json": [
      {
        "type": "Hex High Entropy String",
        "filename": "tests/fixtures/turn_capture/golden/subagent_background_with_completion.json",
        "hashed_secret": "094757a57c6df6b68f0cd4480bb5536ee5ddbd98",
        "is_verified": false,
        "line_number": 281
      },
      {
        "type": "Hex High Entropy String",
        "filename": "tests/fixtures/turn_capture/golden/subagent_background_with_completion.json",
        "hashed_secret": "b0bf1ee4bec1ff5dd066ae18a2f1467d54530c86",
        "is_verified": false,
        "line_number": 304
      },
      {
        "type": "Hex High Entropy String",
        "filename": "tests/fixtures/turn_capture/golden/subagent_background_with_completion.json",
        "hashed_secret": "87537adc307343a633f99a17a07554aa98a5e66c",
        "is_verified": false,
        "line_number": 328
      },
      {
        "type": "Hex High Entropy String",
        "filename": "tests/fixtures/turn_capture/golden/subagent_background_with_completion.json",
        "hashed_secret": "4b058eefec3d8bd7d23f61e76d324838f8de8af7",
        "is_verified": false,
        "line_number": 351
      },
      {
        "type": "Hex High Entropy String",
        "filename": "tests/fixtures/turn_capture/golden/subagent_background_with_completion.json",
        "hashed_secret": "f022761f8378ef62735e0d1e0c39c9687a2609e8",
        "is_verified": false,
        "line_number": 374
      },
      {
        "type": "Hex High Entropy String",
        "filename": "tests/fixtures/turn_capture/golden/subagent_background_with_completion.json",
        "hashed_secret": "fb3d27f956248e65d99eb27149c3cdc21d52d58a",
        "is_verified": false,
        "line_number": 398
      }
    ],
    "tests/fixtures/turn_capture/golden/subagent_background_without_completion.json": [
      {
        "type": "Hex High Entropy String",
        "filename": "tests/fixtures/turn_capture/golden/subagent_background_without_completion.json",
        "hashed_secret": "094757a57c6df6b68f0cd4480bb5536ee5ddbd98",
        "is_verified": false,
        "line_number": 258
      },
      {
        "type": "Hex High Entropy String",
        "filename": "tests/fixtures/turn_capture/golden/subagent_background_without_completion.json",
        "hashed_secret": "b0bf1ee4bec1ff5dd066ae18a2f1467d54530c86",
        "is_verified": false,
        "line_number": 281
      },
      {
        "type": "Hex High Entropy String",
        "filename": "tests/fixtures/turn_capture/golden/subagent_background_without_completion.json",
        "hashed_secret": "87537adc307343a633f99a17a07554aa98a5e66c",
        "is_verified": false,
        "line_number": 305
      },
      {
        "type": "Hex High Entropy String",
        "filename": "tests/fixtures/turn_capture/golden/subagent_background_without_completion.json",
        "hashed_secret": "4b058eefec3d8bd7d23f61e76d324838f8de8af7",
        "is_verified": false,
        "line_number": 328
      },
      {
        "type": "Hex High Entropy String",
        "filename": "tests/fixtures/turn_capture/golden/subagent_background_without_completion.json",
        "hashed_secret": "f022761f8378ef62735e0d1e0c39c9687a2609e8",
        "is_verified": false,
        "line_number": 351
      },
      {
        "type": "Hex High Entropy String",
        "filename": "tests/fixtures/turn_capture/golden/subagent_background_without_completion.json",
        "hashed_secret": "fb3d27f956248e65d99eb27149c3cdc21d52d58a",
        "is_verified": false,
        "line_number": 375
      }
    ],
    "tests/fixtures/turn_capture/golden/subagent_sync.json": [
      {
        "type": "Hex High Entropy String",
        "filename": "tests/fixtures/turn_capture/golden/subagent_sync.json",
        "hashed_secret": "094757a57c6df6b68f0cd4480bb5536ee5ddbd98",
        "is_verified": false,
        "line_number": 281
      },
      {
        "type": "Hex High Entropy String",
        "filename": "tests/fixtures/turn_capture/golden/subagent_sync.json",
        "hashed_secret": "7860ac02fc6600337461f59d29e1cb6546289b50",
        "is_verified": false,
        "line_number": 304
      },
      {
        "type": "Hex High Entropy String",
        "filename": "tests/fixtures/turn_capture/golden/subagent_sync.json",
        "hashed_secret": "87537adc307343a633f99a17a07554aa98a5e66c",
        "is_verified": false,
        "line_number": 328
      },
      {
        "type": "Hex High Entropy String",
        "filename": "tests/fixtures/turn_capture/golden/subagent_sync.json",
        "hashed_secret": "71ed67a785faedb32204d5ed1d51517534d4637e",
        "is_verified": false,
        "line_number": 351
      },
      {
        "type": "Hex High Entropy String",
        "filename": "tests/fixtures/turn_capture/golden/subagent_sync.json",
        "hashed_secret": "f022761f8378ef62735e0d1e0c39c9687a2609e8",
        "is_verified": false,
        "line_number": 374
      },
      {
        "type": "Hex High Entropy String",
        "filename": "tests/fixtures/turn_capture/golden/subagent_sync.json",
        "hashed_secret": "fb3d27f956248e65d99eb27149c3cdc21d52d58a",
        "is_verified": false,
        "line_number": 398
      }
    ],
    "tests/fixtures/turn_capture/golden/tool_result_error.json": [
      {
        "type": "Hex High Entropy String",
        "filename": "tests/fixtures/turn_capture/golden/tool_result_error.json",
        "hashed_secret": "094757a57c6df6b68f0cd4480bb5536ee5ddbd98",
        "is_verified": false,
        "line_number": 129
      },
      {
        "type": "Hex High Entropy String",
        "filename": "tests/fixtures/turn_capture/golden/tool_result_error.json",
        "hashed_secret": "029a3878cff393bc02c1caf510767870cecf7906",
        "is_verified": false,
        "line_number": 152
      },
      {
        "type": "Hex High Entropy String",
        "filename": "tests/fixtures/turn_capture/golden/tool_result_error.json",
        "hashed_secret": "c4b301563f507a99619a3d52f4d770eefa3bd07f",
        "is_verified": false,
        "line_number": 176
      }
    ],
    "tests/fixtures/turn_capture/golden/tool_result_interrupted.json": [
      {
        "type": "Hex High Entropy String",
        "filename": "tests/fixtures/turn_capture/golden/tool_result_interrupted.json",
        "hashed_secret": "094757a57c6df6b68f0cd4480bb5536ee5ddbd98",
        "is_verified": false,
        "line_number": 191
      },
      {
        "type": "Hex High Entropy String",
        "filename": "tests/fixtures/turn_capture/golden/tool_result_interrupted.json",
        "hashed_secret": "33b0ea741fd50a403acfb1741d2e756c6d4b30f4",
        "is_verified": false,
        "line_number": 214
      },
      {
        "type": "Hex High Entropy String",
        "filename": "tests/fixtures/turn_capture/golden/tool_result_interrupted.json",
        "hashed_secret": "93344940c16e14a4fd65224434e75dd6783f3895",
        "is_verified": false,
        "line_number": 238
      },
      {
        "type": "Hex High Entropy String",
        "filename": "tests/fixtures/turn_capture/golden/tool_result_interrupted.json",
        "hashed_secret": "09cb6beab02f071ba65680f64f62803079d88090",
        "is_verified": false,
        "line_number": 262
      }
    ],
    "tests/fixtures/turn_capture/golden/trailing_partial_line.json": [
      {
        "type": "Hex High Entropy String",
        "filename": "tests/fixtures/turn_capture/golden/trailing_partial_line.json",
        "hashed_secret": "ee662f2bc691daa48d074542722d8e1b0587673c",
        "is_verified": false,
        "line_number": 85
      },
      {
        "type": "Hex High Entropy String",
        "filename": "tests/fixtures/turn_capture/golden/trailing_partial_line.json",
        "hashed_secret": "361282b6efc9f3277314eed77df55441aaf1170a",
        "is_verified": false,
        "line_number": 108
      }
    ],
    "tests/fixtures/turn_capture/golden/unknown_record_and_attachment_types.json": [
      {
        "type": "Hex High Entropy String",
        "filename": "tests/fixtures/turn_capture/golden/unknown_record_and_attachment_types.json",
        "hashed_secret": "094757a57c6df6b68f0cd4480bb5536ee5ddbd98",
        "is_verified": false,
        "line_number": 85
      },
      {
        "type": "Hex High Entropy String",
        "filename": "tests/fixtures/turn_capture/golden/unknown_record_and_attachment_types.json",
        "hashed_secret": "795614c5a173c9b36bdf8df499f84eb9b179cac7",
        "is_verified": false,
        "line_number": 108
      }
    ],
    "tests/turn_capture/test_scrub.py": [
      {
        "type": "Secret Keyword",
        "filename": "tests/turn_capture/test_scrub.py",
        "hashed_secret": "c03a8d10174dd7eb2b3288b570a5a74fdd9ae05d",
        "is_verified": false,
        "line_number": 14
      },
      {
        "type": "Hex High Entropy String",
        "filename": "tests/turn_capture/test_scrub.py",
        "hashed_secret": "244f421f896bdcdd2784dccf4eaf7c8dfd5189b5",
        "is_verified": false,
        "line_number": 50
      }
    ]
  },
  "generated_at": "2026-09-29T00:38:39Z"
}
