{
  "version": "1.4.0",
  "plugins_used": [
    {
      "name": "ArtifactoryDetector"
    },
    {
      "name": "AWSKeyDetector"
    },
    {
      "name": "AzureStorageKeyDetector"
    },
    {
      "name": "Base64HighEntropyString",
      "limit": 4.5
    },
    {
      "name": "BasicAuthDetector"
    },
    {
      "name": "CloudantDetector"
    },
    {
      "name": "DiscordBotTokenDetector"
    },
    {
      "name": "GitHubTokenDetector"
    },
    {
      "name": "HexHighEntropyString",
      "limit": 3.0
    },
    {
      "name": "IbmCloudIamDetector"
    },
    {
      "name": "IbmCosHmacDetector"
    },
    {
      "name": "JwtTokenDetector"
    },
    {
      "name": "KeywordDetector",
      "keyword_exclude": ""
    },
    {
      "name": "MailchimpDetector"
    },
    {
      "name": "NpmDetector"
    },
    {
      "name": "PrivateKeyDetector"
    },
    {
      "name": "SendGridDetector"
    },
    {
      "name": "SlackDetector"
    },
    {
      "name": "SoftlayerDetector"
    },
    {
      "name": "SquareOAuthDetector"
    },
    {
      "name": "StripeDetector"
    },
    {
      "name": "TwilioKeyDetector"
    }
  ],
  "filters_used": [
    {
      "path": "detect_secrets.filters.allowlist.is_line_allowlisted"
    },
    {
      "path": "detect_secrets.filters.common.is_baseline_file",
      "filename": ".secrets.baseline"
    },
    {
      "path": "detect_secrets.filters.common.is_ignored_due_to_verification_policies",
      "min_level": 2
    },
    {
      "path": "detect_secrets.filters.heuristic.is_indirect_reference"
    },
    {
      "path": "detect_secrets.filters.heuristic.is_likely_id_string"
    },
    {
      "path": "detect_secrets.filters.heuristic.is_lock_file"
    },
    {
      "path": "detect_secrets.filters.heuristic.is_not_alphanumeric_string"
    },
    {
      "path": "detect_secrets.filters.heuristic.is_potential_uuid"
    },
    {
      "path": "detect_secrets.filters.heuristic.is_prefixed_with_dollar_sign"
    },
    {
      "path": "detect_secrets.filters.heuristic.is_sequential_string"
    },
    {
      "path": "detect_secrets.filters.heuristic.is_swagger_file"
    },
    {
      "path": "detect_secrets.filters.heuristic.is_templated_secret"
    },
    {
      "path": "detect_secrets.filters.regex.should_exclude_file",
      "pattern": [
        "^logs/\\.copilot-otel\\.jsonl$"
      ]
    }
  ],
  "results": {
    "docs/ROADMAP-PLATFORM.yaml": [
      {
        "type": "Hex High Entropy String",
        "filename": "docs/ROADMAP-PLATFORM.yaml",
        "hashed_secret": "7735f64bff03bfe6ccaf0d9d87be5d8484e19fcc",
        "is_verified": false,
        "line_number": 4728
      },
      {
        "type": "Hex High Entropy String",
        "filename": "docs/ROADMAP-PLATFORM.yaml",
        "hashed_secret": "ad08d4e652f6059f0925bc09538d5dc7fa607afa",
        "is_verified": false,
        "line_number": 4755
      },
      {
        "type": "Hex High Entropy String",
        "filename": "docs/ROADMAP-PLATFORM.yaml",
        "hashed_secret": "9ed61b7517c5f6323f3ec9cc1bd1d7dfa61ad9f4",
        "is_verified": false,
        "line_number": 4792
      },
      {
        "type": "Hex High Entropy String",
        "filename": "docs/ROADMAP-PLATFORM.yaml",
        "hashed_secret": "30577f15aaea2154ddfe1fac3a2497535052b13f",
        "is_verified": false,
        "line_number": 7075
      }
    ],
    "docs/contracts/iam-simulate-fixture.yaml": [
      {
        "type": "Secret Keyword",
        "filename": "docs/contracts/iam-simulate-fixture.yaml",
        "hashed_secret": "aa28f3aadffe5c469a1d4438b0248ff152faaf2b",
        "is_verified": false,
        "line_number": 327
      },
      {
        "type": "Secret Keyword",
        "filename": "docs/contracts/iam-simulate-fixture.yaml",
        "hashed_secret": "8170bd7ebda0bd7e4a65760e76966b2f56f0b5fa",
        "is_verified": false,
        "line_number": 330
      },
      {
        "type": "Secret Keyword",
        "filename": "docs/contracts/iam-simulate-fixture.yaml",
        "hashed_secret": "ffb1dccb8ffa1b76776c1f4a7ea680c1deb6135d",
        "is_verified": false,
        "line_number": 332
      },
      {
        "type": "Secret Keyword",
        "filename": "docs/contracts/iam-simulate-fixture.yaml",
        "hashed_secret": "b5efa98bf8cea69847a5d296c92d0f3b7983b9cb",
        "is_verified": false,
        "line_number": 337
      },
      {
        "type": "Secret Keyword",
        "filename": "docs/contracts/iam-simulate-fixture.yaml",
        "hashed_secret": "80405a880b8614930f2c4416e0f2e85cd32d6ea6",
        "is_verified": false,
        "line_number": 348
      },
      {
        "type": "Secret Keyword",
        "filename": "docs/contracts/iam-simulate-fixture.yaml",
        "hashed_secret": "7bfab66d307c824a52622af284a0bd486d6525e3",
        "is_verified": false,
        "line_number": 356
      },
      {
        "type": "Secret Keyword",
        "filename": "docs/contracts/iam-simulate-fixture.yaml",
        "hashed_secret": "78a80272d0659d28359a076bf65806b60a0eedf8",
        "is_verified": false,
        "line_number": 359
      },
      {
        "type": "Secret Keyword",
        "filename": "docs/contracts/iam-simulate-fixture.yaml",
        "hashed_secret": "1ca44c212ca11001056046dee0d18206eac14bcb",
        "is_verified": false,
        "line_number": 610
      },
      {
        "type": "Secret Keyword",
        "filename": "docs/contracts/iam-simulate-fixture.yaml",
        "hashed_secret": "b63bf00edb07af6ffba7f7ceb7ed573a913271f7",
        "is_verified": false,
        "line_number": 618
      }
    ]
  },
  "generated_at": "2026-09-01T16:42:26Z"
}
